// Jest Snapshot v1, https://goo.gl/fbAQLP

exports[`BillingProcessView should render 1`] = `
<div>
  <div
    class="container"
  >
    <div
      class="header"
    >
      <div
        class="backLink"
      >
        <i
          class="material-icons"
        >
          arrow_back
        </i>
        Back
      </div>
    </div>
    <div
      class="alert info alert"
    >
      <div
        class="iconContainer"
      >
        <img
          alt="icon"
          src="test-file-stub"
        />
      </div>
      <div
        class="content"
      >
        <span
          class="label"
        >
          Your 
          Voice
           subscription will have to be reviewed by our team before you can start using it
        </span>
      </div>
    </div>
    <div
      class="cards"
    >
      <div
        class="container"
      >
        <div
          class="header"
        >
          <h2
            class="title"
          >
            Select Plans
          </h2>
          <a
            class="link"
            href="https://www.gorgias.com/pricing"
            rel="noreferrer noopener"
            target="_blank"
          >
            See Plans Details
            <i
              class="material-icons"
            >
              open_in_new
            </i>
          </a>
        </div>
        <div>
          <div
            class="products"
          >
            <div
              class="container"
            >
              <div
                class="header"
              >
                <div
                  class="title"
                >
                  <i
                    class="material-icons activeIcon"
                  >
                    desktop_mac
                  </i>
                  <div
                    class="heading-subsection-semibold"
                  >
                    Helpdesk
                  </div>
                  <div
                    class="ui-tag-tag-9068 ui-tag-md-9068"
                    color="green"
                    data-color="green"
                    data-name="tag"
                  >
                    <span
                      class="typography-regular-sm ui-text-text-d239"
                      data-name="text"
                      style="text-align: left; text-wrap: nowrap;"
                    >
                      Active
                    </span>
                  </div>
                </div>
                <button
                  aria-disabled="false"
                  class="ui-button-wrapper-cef1 ui-button-ghost-cef1 ui-button-destructive-cef1 ui-button-small-cef1"
                  type="button"
                >
                  <span
                    class="ui-button-content-cef1"
                  >
                    Cancel auto-renewal
                  </span>
                </button>
              </div>
              <div
                class="details"
              >
                <div
                  class="selectedPlan"
                >
                  <div
                    class="selectWrapper"
                    id="priceSelect_helpdesk_wrapper"
                  >
                    <div>
                      <div
                        class="dropdown"
                      >
                        <div
                          aria-expanded="false"
                          aria-haspopup="true"
                          class=""
                          data-toggle="dropdown"
                        >
                          <div
                            class="select dropdown-toggle selectFullWidth"
                          >
                            <span
                              aria-label="Price value"
                              class="label"
                              data-testid="selected-priceSelect_helpdesk"
                              style="min-width: 10px; opacity: 1;"
                            >
                              300
                            </span>
                            <input
                              autocomplete="chrome-off"
                              class="input"
                              id="priceSelect_helpdesk"
                              style="min-width: 10px;"
                              type="text"
                              value=""
                            />
                            <i
                              class="material-icons dropdownIcon"
                            >
                              arrow_drop_down
                            </i>
                          </div>
                        </div>
                        <div
                          aria-hidden="true"
                          class="options select optionsFullWidth dropdown-menu"
                          role="menu"
                          tabindex="-1"
                        >
                          <button
                            class="option option--focused dropdown-item"
                            role="menuitem"
                            tabindex="0"
                            type="button"
                          >
                            <span>
                              50
                            </span>
                          </button>
                          <button
                            class="option option--selected dropdown-item"
                            role="menuitem"
                            tabindex="0"
                            type="button"
                          >
                            <span>
                              300
                            </span>
                          </button>
                          <button
                            class="option dropdown-item"
                            role="menuitem"
                            tabindex="0"
                            type="button"
                          >
                            <span>
                              2,000
                            </span>
                          </button>
                          <button
                            class="option dropdown-item"
                            role="menuitem"
                            tabindex="0"
                            type="button"
                          >
                            <span>
                              5,000
                            </span>
                          </button>
                          <button
                            class="option dropdown-item"
                            role="menuitem"
                            tabindex="0"
                            type="button"
                          >
                            <span>
                              5,000+
                            </span>
                          </button>
                        </div>
                      </div>
                    </div>
                  </div>
                  <div
                    class="counter"
                  >
                    <div>
                      tickets
                      /
                      month
                    </div>
                    <i
                      class="material-icons"
                      id="priceSelectInfo_helpdesk"
                    >
                      info_outlined
                    </i>
                  </div>
                  <div
                    class="productName"
                  >
                    Basic
                  </div>
                </div>
                 
              </div>
            </div>
            <div
              class="separator"
            />
            <div
              class="container"
            >
              <div
                class="header"
              >
                <div
                  class="title"
                >
                  <i
                    class="material-icons"
                  >
                    bolt
                  </i>
                  <div
                    class="heading-subsection-semibold"
                  >
                    AI Agent
                  </div>
                </div>
                <button
                  aria-disabled="false"
                  class="ui-button-wrapper-cef1 addProduct ui-button-ghost-cef1 ui-button-primary-cef1 ui-button-small-cef1"
                  id="add-product-automation"
                  type="button"
                >
                  <span
                    class="ui-button-content-cef1"
                  >
                    <i
                      class="material-icons"
                    >
                      add
                    </i>
                    Add Product
                  </span>
                </button>
              </div>
            </div>
            <div
              class="separator"
            />
            <div
              class="container"
            >
              <div
                class="header"
              >
                <div
                  class="title"
                >
                  <i
                    class="material-icons"
                  >
                    phone
                  </i>
                  <div
                    class="heading-subsection-semibold"
                  >
                    Voice
                  </div>
                </div>
                <button
                  aria-disabled="false"
                  class="ui-button-wrapper-cef1 addProduct ui-button-ghost-cef1 ui-button-primary-cef1 ui-button-small-cef1"
                  id="add-product-voice"
                  type="button"
                >
                  <span
                    class="ui-button-content-cef1"
                  >
                    <i
                      class="material-icons"
                    >
                      add
                    </i>
                    Add Product
                  </span>
                </button>
              </div>
            </div>
            <div
              class="separator"
            />
            <div
              class="container"
            >
              <div
                class="header"
              >
                <div
                  class="title"
                >
                  <i
                    class="material-icons"
                  >
                    textsms
                  </i>
                  <div
                    class="heading-subsection-semibold"
                  >
                    SMS
                  </div>
                </div>
                <button
                  aria-disabled="false"
                  class="ui-button-wrapper-cef1 addProduct ui-button-ghost-cef1 ui-button-primary-cef1 ui-button-small-cef1"
                  id="add-product-sms"
                  type="button"
                >
                  <span
                    class="ui-button-content-cef1"
                  >
                    <i
                      class="material-icons"
                    >
                      add
                    </i>
                    Add Product
                  </span>
                </button>
              </div>
            </div>
            <div
              class="separator"
            />
            <div
              class="container"
            >
              <div
                class="header"
              >
                <div
                  class="title"
                >
                  <i
                    class="material-icons"
                  >
                    paid
                  </i>
                  <div
                    class="heading-subsection-semibold"
                  >
                    Convert
                  </div>
                </div>
                <button
                  aria-disabled="false"
                  class="ui-button-wrapper-cef1 addProduct ui-button-ghost-cef1 ui-button-primary-cef1 ui-button-small-cef1"
                  id="add-product-convert"
                  type="button"
                >
                  <span
                    class="ui-button-content-cef1"
                  >
                    <i
                      class="material-icons"
                    >
                      add
                    </i>
                    Add Product
                  </span>
                </button>
              </div>
            </div>
          </div>
        </div>
      </div>
      <div
        class="container"
      >
        <div
          class="header"
        >
          <h2
            class="title"
          >
            Summary
          </h2>
        </div>
        <div>
          <div
            class="summary"
          >
            <div
              class="summaryHeader"
            >
              <div>
                PRODUCT
              </div>
              <div>
                PRICE
              </div>
            </div>
            <div
              class="container"
            >
              <div
                class="details"
              >
                <div
                  data-name="box"
                  style="align-items: center; display: flex; gap: 8px;"
                >
                  <span
                    class="typography-bold-md ui-text-text-d239"
                    data-name="text"
                    style="text-align: left;"
                  >
                    <strong>
                      Helpdesk
                    </strong>
                  </span>
                </div>
                <div
                  class="description"
                >
                  Basic - 
                  300
                   
                  tickets
                  /
                  month
                </div>
              </div>
              <div
                class="price"
              >
                <span>
                  $60
                </span>
                /
                month
              </div>
            </div>
            <div
              data-testid="summary-total"
            />
          </div>
          <div
            class="container"
          >
            <div
              class="method"
            >
              <i
                class="material-icons cardIcon"
              >
                credit_card
              </i>
              <strong
                class="cardBrand"
              >
                Visa
              </strong>
               ending with 
              <strong>
                4321
              </strong>
            </div>
            <a
              href="/app/settings/billing/payment/card"
            >
              Change Payment Method
            </a>
          </div>
          <div
            class="container rounded"
          >
            <div
              class="button"
            >
              <button
                aria-disabled="true"
                class="ui-button-wrapper-a432 ui-button-md-a432 ui-button-primary-a432 ui-button-isdisabled-a432"
                data-disabled="true"
                data-name="button"
                data-rac=""
                data-react-aria-pressable="true"
                disabled=""
                id="update-subscription"
                type="button"
              >
                <div
                  class="ui-button-surface-a432"
                >
                  <span
                    class="ui-button-content-a432"
                  >
                    <span
                      class="typography-bold-md ui-text-text-d239"
                      data-name="text"
                      style="text-align: left; text-wrap: nowrap;"
                    >
                      <strong>
                        Update Subscription
                      </strong>
                    </span>
                  </span>
                </div>
              </button>
            </div>
          </div>
        </div>
      </div>
    </div>
  </div>
</div>
`;
