// Jest Snapshot v1, https://goo.gl/fbAQLP

exports[`<OutgoingPhoneCall/> should render 1`] = `
<div
  class="container"
  data-testid="outgoing-phone-call"
>
  <div
    class="inner"
  >
    <span
      class="container primary"
    >
      <span
        class="mr-2"
      >
        ❤️
      </span>
      My Phone Integration
    </span>
    <span
      class="mr-1"
    >
      Outgoing call to
    </span>
    <span
      class="container"
    >
      <span
        class="name"
      >
        Bob
      </span>
       (
      +1 415 888 0101
      )
    </span>
    <button
      class="end btn btn-secondary"
      data-testid="end-call-button"
      type="button"
    >
      <i
        class="material-icons mr-2"
      >
        call_end
      </i>
      End Call
    </button>
  </div>
  <div
    class="container primary"
    style="width: 350px;"
  >
    <div
      class="inner"
    >
      <span>
        Dialing up...
      </span>
    </div>
  </div>
</div>
`;
