// Jest Snapshot v1, https://goo.gl/fbAQLP

exports[`RestrictedSatisfactionSurvey should render 1`] = `
<RestrictedFeature
  alertMsg={
    <React.Fragment>
      This feature is only available for Pro and above plans.
      <Link
        onlyActiveOnIndex={false}
        style={Object {}}
        to="/app/settings/billing/plans"
      >
         Upgrade here.
      </Link>
    </React.Fragment>
  }
  imagesURL={
    Array [
      "/static/private/img/presentationals/satisfaction-survey-stats.png",
      "/static/private/img/presentationals/satisfaction-survey-ticket-details.png",
    ]
  }
  info="Keep track of the performance of your support team by sending a satisfaction survey after a ticket is closed."
/>
`;
