// Jest Snapshot v1, https://goo.gl/fbAQLP

exports[`<RuleCreationModalContent /> should render 1`] = `
<form>
  <div
    class="wrapper"
  >
    <div>
      <div
        class="title"
      >
        Assign tickets to this team
      </div>
      <div
        class="subtitle"
      >
        Create a rule to assign new tickets to this team. You will be able to edit it later in the 'Rules' settings page
      </div>
    </div>
  </div>
  <div
    class="wrapper"
  >
    <label
      class="ui-label-label-3864 label"
      for="name"
    >
      Rule name
      <abbr
        aria-label="required"
        class="ui-label-abbr-3864"
        title="required"
      >
        *
      </abbr>
    </label>
    <div
      class="wrapper isFocused"
    >
      <input
        class="input"
        data-resizable="false"
        id="name"
        name="name"
        placeholder="[Auto assign] foo"
        required=""
        type="text"
        value="[Auto assign] foo"
      />
    </div>
    <div
      class="ruleSelectWrapper"
    >
      <div
        class="wrapper selectInput keyInput"
        role="combobox"
        tabindex="0"
      >
        <div
          class="inputWrapper"
        >
          <div
            class="input"
          >
            Channel
          </div>
          <i
            class="affix suffix toggle material-icons"
          >
            arrow_drop_down
          </i>
        </div>
      </div>
      <span
        class="operator"
      >
        is one of
      </span>
      <div
        class="wrapper selectInput"
        role="combobox"
        tabindex="0"
      >
        <div
          class="inputWrapper"
        >
          <div
            class="input"
          >
            email
          </div>
          <i
            class="affix suffix toggle material-icons"
          >
            arrow_drop_down
          </i>
        </div>
      </div>
    </div>
  </div>
  <div
    class="wrapper wrapper"
  >
    <div
      class="actions"
    >
      <div
        class="childWrapper"
      >
        <button
          aria-disabled="false"
          class="ui-button-wrapper-cef1 ui-button-fill-cef1 ui-button-secondary-cef1"
          type="button"
        >
          <span
            class="ui-button-content-cef1"
          >
            Create rule later
          </span>
        </button>
      </div>
      <div
        class="childWrapper"
      >
        <button
          aria-disabled="false"
          class="ui-button-wrapper-cef1 ui-button-fill-cef1 ui-button-primary-cef1"
          type="submit"
        >
          <span
            class="ui-button-content-cef1"
          >
            Create Rule
          </span>
        </button>
      </div>
    </div>
  </div>
</form>
`;
