// Jest Snapshot v1, https://goo.gl/fbAQLP

exports[`withStoreIntegrations should not render the passed component when the integeration is not available 1`] = `
<div>
  <div
    class="layout"
  >
    <div
      class="page-header pageHeader"
    >
      <h1
        class="d-flex align-items-center"
      >
        Hello
      </h1>
    </div>
    <div
      class="wrapper"
    >
      <img
        alt="Feature preview"
        class="img-fluid"
        src="test-file-stub"
      />
      <div
        class="title"
      >
        You don’t have a store connected
      </div>
      <div
        class="description"
      >
        Connect Shopify, Magento or BigCommerce stores to start using Automate!
      </div>
      <a
        class="wrapper fill primary medium"
        href="/app/settings/integrations?category=store"
        rel="noopener noreferrer"
        target=""
      >
        Go to app store
      </a>
    </div>
  </div>
</div>
`;

exports[`withStoreIntegrations should render the passed component when the integeration is available 1`] = `
<div>
  <div
    data-testid="aao-component"
  >
    Just a component...
  </div>
</div>
`;
