// Jest Snapshot v1, https://goo.gl/fbAQLP

exports[`<MacrosSettingsTable/> should display a list of macros 1`] = `
<table
  class="table"
>
  <thead
    class="tableHead"
  >
    <tr
      class="headerRow"
    >
      <th
        class="wrapper isClickable normal"
      >
        <div
          class="content"
        >
          <div
            class="cell"
          >
            <span
              class="title"
            >
              Macro
            </span>
            <i
              class="material-icons md-1 directionIcon"
            >
              arrow_downward
            </i>
          </div>
        </div>
      </th>
      <th
        class="wrapper normal"
      >
        <div
          class="content"
        >
          <div
            class="cell"
          >
            <span
              class="title"
            >
              Tags
            </span>
            <i
              class="material-icons md-1 directionIcon"
            >
              arrow_upward
            </i>
          </div>
        </div>
      </th>
      <th
        class="wrapper isClickable normal"
      >
        <div
          class="content"
        >
          <div
            class="cell"
          >
            <span
              class="title"
            >
              Language
            </span>
            <i
              class="material-icons md-1 directionIcon"
            >
              arrow_downward
            </i>
          </div>
        </div>
      </th>
      <th
        class="wrapper isClickable normal"
      >
        <div
          class="content"
        >
          <div
            class="cell"
          >
            <span
              class="title"
            >
              Usage count
            </span>
            <i
              class="material-icons md-1 directionIcon"
            >
              arrow_downward
            </i>
          </div>
        </div>
      </th>
      <th
        class="wrapper isClickable normal"
      >
        <div
          class="content"
        >
          <div
            class="cell"
          >
            <span
              class="title"
            >
              Last updated
            </span>
            <i
              class="material-icons md-1 directionIcon"
            >
              arrow_downward
            </i>
          </div>
        </div>
      </th>
      <th
        class="wrapper normal"
      />
    </tr>
  </thead>
  <tbody
    class="tableBody"
  >
    <tr
      class="row tableBodyRow"
    >
      <td
        class="macroTitle wrapper"
      >
        <a
          to="/app/settings/macros/1"
        >
          <div
            class="cellContent"
          >
            Waive Fee
          </div>
        </a>
      </td>
      <td
        class="wrapper"
      >
        <a
          tabindex="-1"
          to="/app/settings/macros/1"
        >
          <div
            class="cellContent"
          >
            <div
              class="flex"
              id="tags-1"
            >
              <div
                class="badge"
                style="color: rgb(0, 0, 0); background-color: rgb(245, 141, 134);"
              >
                refund
              </div>
              <div>
                Tooltip
              </div>
              <div
                class="badge text-info"
                style="color: rgb(0, 0, 0); background-color: rgb(245, 141, 134);"
              >
                +
                1
              </div>
            </div>
          </div>
        </a>
      </td>
      <td
        class="wrapper"
      >
        <a
          tabindex="-1"
          to="/app/settings/macros/1"
        >
          <div
            class="cellContent"
          >
            -
          </div>
        </a>
      </td>
      <td
        class="wrapper"
      >
        <a
          tabindex="-1"
          to="/app/settings/macros/1"
        >
          <div
            class="cellContent"
          >
            1
          </div>
        </a>
      </td>
      <td
        class="wrapper dateCell"
      >
        <a
          tabindex="-1"
          to="/app/settings/macros/1"
        >
          <div
            class="cellContent"
          >
            01/08/2017
          </div>
        </a>
      </td>
      <td
        class="wrapper smallest actions"
      >
        <div
          class="cellContent"
        >
          <button
            aria-disabled="false"
            class="wrapper mr-1 wrapper ghost ghost secondary medium"
            title="Duplicate macro"
            type="button"
          >
            <i
              class="material-icons icon"
            >
              file_copy
            </i>
          </button>
          <button
            aria-disabled="false"
            class="wrapper mr-1 wrapper ghost ghost destructive medium"
            id="delete-button-1"
            title="Delete macro"
            type="button"
          >
            <i
              class="material-icons icon"
            >
              delete
            </i>
          </button>
        </div>
      </td>
    </tr>
    <tr
      class="row tableBodyRow"
    >
      <td
        class="macroTitle wrapper"
      >
        <a
          to="/app/settings/macros/2"
        >
          <div
            class="cellContent"
          >
            Do Not Waive Fee
          </div>
        </a>
      </td>
      <td
        class="wrapper"
      >
        <a
          tabindex="-1"
          to="/app/settings/macros/2"
        >
          <div
            class="cellContent"
          >
            <div
              class="flex"
              id="tags-2"
            >
              <div
                class="badge"
                style="color: rgb(0, 0, 0); background-color: rgb(245, 141, 134);"
              >
                rejectedTag
              </div>
            </div>
          </div>
        </a>
      </td>
      <td
        class="wrapper"
      >
        <a
          tabindex="-1"
          to="/app/settings/macros/2"
        >
          <div
            class="cellContent"
          >
            -
          </div>
        </a>
      </td>
      <td
        class="wrapper"
      >
        <a
          tabindex="-1"
          to="/app/settings/macros/2"
        >
          <div
            class="cellContent"
          >
            3
          </div>
        </a>
      </td>
      <td
        class="wrapper dateCell"
      >
        <a
          tabindex="-1"
          to="/app/settings/macros/2"
        >
          <div
            class="cellContent"
          >
            01/08/2017
          </div>
        </a>
      </td>
      <td
        class="wrapper smallest actions"
      >
        <div
          class="cellContent"
        >
          <button
            aria-disabled="false"
            class="wrapper mr-1 wrapper ghost ghost secondary medium"
            title="Duplicate macro"
            type="button"
          >
            <i
              class="material-icons icon"
            >
              file_copy
            </i>
          </button>
          <button
            aria-disabled="false"
            class="wrapper mr-1 wrapper ghost ghost destructive medium"
            id="delete-button-2"
            title="Delete macro"
            type="button"
          >
            <i
              class="material-icons icon"
            >
              delete
            </i>
          </button>
        </div>
      </td>
    </tr>
  </tbody>
</table>
`;

exports[`<MacrosSettingsTable/> should notify when failing to delete macro 1`] = `
[
  {
    "allowHTML": true,
    "message": "
        <ul className="m-0">
            <li>Rules: Rule1</li><li>Rules: Rule2</li>
        </ul>
    ",
    "status": "error",
    "title": "Cannot delete macro because it is used in the following places:",
  },
]
`;
