// Jest Snapshot v1, https://goo.gl/fbAQLP

exports[`chat utils renderCodeSnippet should render correctly with new format 1`] = `
"<!-- Gorgias Chat Widget Start -->
<div id=\\"gorgias-chat\\">
<script>window.gorgiasChatParameters = {}</script>
<script src=\\"config.gorgias.io/foo/chat/bar.js\\" defer></script>
</div>
<!-- Gorgias Chat Widget End -->"
`;
