// Jest Snapshot v1, https://goo.gl/fbAQLP

exports[`<RulesList/> should render the rules list 1`] = `
<div
  class="full-width overflow-auto"
>
  <div
    class="pageHeaderContainer"
  >
    <div
      class="page-header pageHeader"
    >
      <h1
        class="d-flex align-items-center"
      >
        Rules
      </h1>
      <div>
        <div
          class="headerContainer"
        >
          <div
            class="component mr-2"
          >
            <div
              class="wrapper input"
            >
              <span
                class="prefix"
              >
                <i
                  class="material-icons icon"
                >
                  search
                </i>
              </span>
              <input
                class="input"
                data-resizable="false"
                id="input-text-5"
                name="input-text-5"
                placeholder="Search rules..."
                type="text"
                value=""
              />
            </div>
          </div>
          <a
            href="/app/settings/rules/library"
          >
            <button
              aria-disabled="false"
              class="ui-button-wrapper-a432 ui-button-md-a432 ui-button-primary-a432"
              data-name="button"
              data-rac=""
              data-react-aria-pressable="true"
              id="react-aria-:r2:"
              tabindex="0"
              type="button"
            >
              <div
                class="ui-button-surface-a432"
              >
                <span
                  class="ui-button-content-a432"
                >
                  <span
                    class="typography-bold-md ui-text-text-d239"
                    data-name="text"
                    style="text-align: left;"
                  >
                    <strong>
                      Create rule
                    </strong>
                  </span>
                </span>
              </div>
            </button>
          </a>
        </div>
      </div>
    </div>
  </div>
  <div
    class="info pageContainer container-fluid"
  >
    <div
      class="infoContainer"
    >
      <div
        class="description"
        data-candu-id="rules-list-description"
      >
        <p
          class="mb-2"
        >
          Automate tasks to streamline support with rules.
        </p>
        <a
          class="link d-block mb-2"
          href="https://docs.gorgias.com/en-US/articles/rules-18380"
          rel="noopener noreferrer"
          target="_blank"
        >
          <i
            class="material-icons"
          >
            menu_book
          </i>
           
          <span>
            How To Set Up Rules
          </span>
        </a>
      </div>
      <div
        class="d-flex"
      >
        <div
          class="preview"
        >
          <div
            class="screenshotWrapper"
          >
            <div
              class="screenshot"
            >
              <img
                alt="video preview"
                src="https://embed-ssl.wistia.com/deliveries/020b846c6639824e2745f87ba724708d.jpg"
              />
              <div
                class="playIcon"
              >
                <img
                  alt="play"
                  src="test-file-stub"
                  width="11"
                />
              </div>
            </div>
          </div>
          <div
            class="title"
          >
            Creating Rules in Gorgias
          </div>
        </div>
        <div
          class="card ml-3"
        >
          <img
            alt="Academy"
            src="test-file-stub"
            width="97"
          />
          <div
            class="mb-2"
          >
            Learn more about Rules
            <br />
            through Gorgias Academy
          </div>
          <a
            class="link"
            href="https://academy.gorgias.com/"
            rel="noopener noreferrer"
            target="_blank"
          >
            Start Learning
             
            <i
              class="material-icons"
            >
              arrow_forward_ios
            </i>
          </a>
        </div>
      </div>
    </div>
  </div>
  <div
    class="container"
  >
    <div
      class="inner"
      style="min-height: 500px;"
    >
      <i
        class="icon-custom icon-circle-o-notch md-spin"
        style="font-size: 40px;"
      />
    </div>
  </div>
</div>
`;
