// Jest Snapshot v1, https://goo.gl/fbAQLP

exports[`Legend should render a legend 1`] = `
<div
  class="legends"
>
  <span
    class="label mr-4 mb-2"
  >
    <span
      class="circle mr-2"
      style="background: rgb(0, 0, 0);"
    />
    line 1
  </span>
  <span
    class="label mr-4 mb-2"
  >
    <span
      class="circle mr-2"
      style="background: rgb(255, 255, 255);"
    />
    line 2
  </span>
  <span
    class="label mr-4 mb-2"
  >
    <span
      class="square mr-2"
    />
    square line 1
  </span>
  <span
    class="label mr-4 mb-2"
  >
    <span
      class="mr-2"
    >
      Label ahead of the legend
    </span>
    <span
      class="rectangle mr-2"
      style="background: red;"
    />
    Rectangle name
  </span>
</div>
`;
