// Jest Snapshot v1, https://goo.gl/fbAQLP

exports[`BarStat should render a bar chart 1`] = `
<Bar
  data={
    Object {
      "datasets": Array [
        Object {
          "backgroundColor": "#ff9b53",
          "data": Array [
            23,
            4,
            445,
            56,
          ],
          "label": "Ticket created",
        },
        Object {
          "backgroundColor": "#06cd96",
          "data": Array [
            65,
            45,
            87,
            9,
          ],
          "label": "Ticket closed",
        },
      ],
      "labels": Array [
        123434533,
        123435636,
        123456568,
        123876542,
      ],
    }
  }
  height={400}
  options={
    Object {
      "scales": Object {
        "xAxes": Array [
          Object {
            "gridLines": Object {
              "display": false,
            },
            "scaleLabel": Object {
              "display": true,
              "fontColor": "rgba(0, 0, 0, 0.4)",
              "labelString": "created",
            },
            "stacked": false,
            "ticks": Object {
              "callback": [Function],
              "fontColor": "rgba(0, 0, 0, 0.4)",
            },
          },
        ],
        "yAxes": Array [
          Object {
            "gridLines": Object {
              "borderDash": Array [
                3,
                6,
              ],
            },
            "scaleLabel": Object {
              "display": true,
              "fontColor": "rgba(0, 0, 0, 0.4)",
              "labelString": "closed",
            },
            "ticks": Object {
              "callback": [Function],
              "fontColor": "rgba(0, 0, 0, 0.5)",
              "min": 0,
              "suggestedMax": 1,
            },
          },
        ],
      },
      "title": Object {
        "display": true,
        "text": "Support volume",
      },
    }
  }
/>
`;
