// Jest Snapshot v1, https://goo.gl/fbAQLP

exports[`NormalizedLineStat should render a line chart with "no data" message 1`] = `
<div
  className="text-muted"
>
  There is no data for this period.
</div>
`;

exports[`NormalizedLineStat should render a line chart with total and disabled labels 1`] = `
<Row
  tag="div"
  widths={
    Array [
      "xs",
      "sm",
      "md",
      "lg",
      "xl",
    ]
  }
>
  <Col
    lg={9}
    md={8}
    sm={12}
    tag="div"
    widths={
      Array [
        "xs",
        "sm",
        "md",
        "lg",
        "xl",
      ]
    }
  >
    <div>
      <ForwardRef
        data={
          Object {
            "datasets": Array [
              Object {
                "backgroundColor": "#1D786B",
                "borderColor": "#1D786B",
                "borderWidth": 1,
                "data": Array [
                  23,
                  4,
                  445,
                  56,
                ],
                "disabledLink": "/app/settings/self-service",
                "fill": false,
                "label": "Quick response",
                "name": "quick_responses",
                "pointHoverBackgroundColor": "#1D786B",
                "pointHoverBorderColor": "#1D786B",
                "pointHoverRadius": 6,
                "pointRadius": 4,
              },
              Object {
                "backgroundColor": "#001874",
                "borderColor": "#001874",
                "borderWidth": 1,
                "data": Array [
                  65,
                  45,
                  87,
                  9,
                ],
                "disabledLink": "/app/settings/self-service",
                "fill": false,
                "label": "Article recommendation",
                "name": "article_recommendation",
                "pointHoverBackgroundColor": "#001874",
                "pointHoverBorderColor": "#001874",
                "pointHoverRadius": 6,
                "pointRadius": 4,
              },
              Object {
                "backgroundColor": "#4A8DF9",
                "borderColor": "#4A8DF9",
                "borderWidth": 1,
                "data": Array [
                  65,
                  45,
                  87,
                  9,
                ],
                "disabledLink": "/app/settings/self-service",
                "fill": false,
                "label": "Track order",
                "name": "track",
                "pointHoverBackgroundColor": "#4A8DF9",
                "pointHoverBorderColor": "#4A8DF9",
                "pointHoverRadius": 6,
                "pointRadius": 4,
              },
              Object {
                "backgroundColor": "#74B510",
                "borderColor": "#74B510",
                "borderWidth": 1,
                "data": Array [
                  65,
                  45,
                  87,
                  9,
                ],
                "disabledLink": "/app/settings/self-service",
                "fill": false,
                "label": "Report order issue",
                "name": "report_issues",
                "pointHoverBackgroundColor": "#74B510",
                "pointHoverBorderColor": "#74B510",
                "pointHoverRadius": 6,
                "pointRadius": 4,
              },
            ],
            "labels": Array [
              123434533,
              123435636,
              123456568,
              123876542,
            ],
          }
        }
        height={360}
        options={
          Object {
            "plugins": Object {
              "tooltip": Object {
                "intersect": true,
                "position": "nearest",
              },
            },
            "scales": Object {
              "x": Object {
                "grid": Object {
                  "borderColor": "#d2d7de",
                  "borderDash": Array [
                    2,
                  ],
                  "color": "#dfe3f1",
                  "display": true,
                  "drawBorder": true,
                  "tickBorderDash": Array [
                    2,
                  ],
                  "z": -1,
                },
                "offset": true,
                "ticks": Object {
                  "callback": [Function],
                  "color": "#b2bddd",
                },
              },
              "y": Object {
                "grid": Object {
                  "borderDash": Array [
                    2,
                  ],
                  "color": "#dfe3f1",
                  "drawBorder": true,
                  "drawTicks": false,
                  "tickBorderDash": Array [
                    2,
                  ],
                  "z": -1,
                },
                "min": 0,
                "ticks": Object {
                  "color": "#b2bddd",
                  "padding": 10,
                },
                "title": Object {
                  "color": "#b2bddd",
                  "display": true,
                  "text": "Interactions",
                },
              },
            },
          }
        }
        type="line"
      />
    </div>
  </Col>
  <Col
    lg={3}
    md={4}
    sm={12}
    tag="div"
    widths={
      Array [
        "xs",
        "sm",
        "md",
        "lg",
        "xl",
      ]
    }
  >
    <div
      className="bar-total-wrapper"
    >
      <div
        className="bar-total-data-wrapper"
        key="Quick response"
      >
        <div
          className="label mr-4 mb-2"
          key="Quick response"
        >
          <span
            className="circle mr-2"
            style={
              Object {
                "backgroundColor": "#1D786B",
              }
            }
          />
          Quick response
        </div>
        <div
          className="data"
        >
          528
        </div>
      </div>
      <div
        className="bar-total-data-wrapper"
        key="Article recommendation"
      >
        <div
          className="label mr-4 mb-2"
          key="Article recommendation"
        >
          <span
            className="circle mr-2"
            style={
              Object {
                "backgroundColor": "#001874",
              }
            }
          />
          Article recommendation
        </div>
        <div
          className="data"
        >
          206
        </div>
      </div>
      <div
        className="bar-total-data-wrapper"
        key="Track order"
      >
        <div
          className="label mr-4 mb-2"
          key="Track order"
        >
          <span
            className="circle mr-2"
            style={
              Object {
                "backgroundColor": "#4A8DF9",
              }
            }
          />
          Track order
        </div>
        <div
          className="data"
        >
          206
        </div>
      </div>
      <div
        className="bar-total-data-wrapper"
        key="Report order issue"
      >
        <div
          className="label mr-4 mb-2"
          key="Report order issue"
        >
          <span
            className="circle mr-2"
            style={
              Object {
                "backgroundColor": "#74B510",
              }
            }
          />
          Report order issue
        </div>
        <div
          className="data"
        >
          206
        </div>
      </div>
    </div>
  </Col>
</Row>
`;
