// Jest Snapshot v1, https://goo.gl/fbAQLP

exports[`<VoiceMessageField /> should render 1`] = `
<div
  class="mb-3"
>
  <label
    class="label label"
    for="voice_recording"
  >
    <input
      class="input"
      id="voice_recording"
      type="radio"
    />
    Insert Voice Recording
  </label>
</div>
`;
