// Jest Snapshot v1, https://goo.gl/fbAQLP

exports[`<AddVideo/> should not render when the popover is closed 1`] = `
<div>
  <button
    aria-disabled="false"
    class="wrapper button wrapper small fill secondary small"
    id="toolbar-button-1"
    type="button"
  >
    <span
      class="content"
    >
      <i
        class="material-icons icon"
      >
        video_library
      </i>
    </span>
  </button>
</div>
`;
